 [Utils] 模块加载完成
 [API] 模块加载完成
 [StateManager] 模块加载完成 (V2)
 [版本更新] 20250402-step4-cache-debug3 -> 3.0.3，清除所有缓存...
 [版本更新] 缓存清除完成
 [Fallback] 检查 stockList...
 [Fallback] 列表为空，尝试从 API 获取数据并渲染...
import.js:1 Uncaught 
 [DOMContentLoaded] 页面加载完成，开始初始化...
 [init] 开始初始化，已清空股票列表
 Checking initDataImport... function
 Calling initDataImport...
 初始化数据导入模块...
 数据导入模块初始化完成
 [Fallback] 获取到 12 只股票
 [Fallback] 已初始化 appState.stocks
 [Fallback] 保底渲染完成，子元素数: 12
 已从后端 API 加载 12 只股票
 [init] 立即渲染持仓列表（使用本地数据）...
 [init] appState.stocks 数量: 12
 [init] 准备调用 renderStockList...
 [renderStockList] ========== 开始执行 ==========
 [renderStockList] appState.stocks 数量: 12
 [renderStockList] 渲染 12 只股票
 [renderStockList] 股票代码: 000559, 000878, 002050, 002594, 300229, 300316, 300442, 601600, 688795, 00285, 00700, 09988
 [renderStockList] 创建第 1 个股票项: 000559
 [renderStockList] 已添加第 1 个股票项到 DOM
 [renderStockList] 创建第 2 个股票项: 000878
 [renderStockList] 已添加第 2 个股票项到 DOM
 [renderStockList] 创建第 3 个股票项: 002050
 [renderStockList] 已添加第 3 个股票项到 DOM
 [renderStockList] 创建第 4 个股票项: 002594
 [renderStockList] 已添加第 4 个股票项到 DOM
 [renderStockList] 创建第 5 个股票项: 300229
 [renderStockList] 已添加第 5 个股票项到 DOM
 [renderStockList] 创建第 6 个股票项: 300316
 [renderStockList] 已添加第 6 个股票项到 DOM
 [renderStockList] 创建第 7 个股票项: 300442
 [renderStockList] 已添加第 7 个股票项到 DOM
 [renderStockList] 创建第 8 个股票项: 601600
 [renderStockList] 已添加第 8 个股票项到 DOM
 [renderStockList] 创建第 9 个股票项: 688795
 [renderStockList] 已添加第 9 个股票项到 DOM
 [renderStockList] 创建第 10 个股票项: 00285
 [renderStockList] 已添加第 10 个股票项到 DOM
 [renderStockList] 创建第 11 个股票项: 00700
 [renderStockList] 已添加第 11 个股票项到 DOM
 [renderStockList] 创建第 12 个股票项: 09988
 [renderStockList] 已添加第 12 个股票项到 DOM
 [renderStockList] 渲染完成，列表子元素数量: 12
 [renderStockList] ========== 执行结束 ==========
 [init] renderStockList 调用完成
 [renderStockDetail] 被调用, stock.code=000559, name=万向钱潮
 并行加载热点板块、市场情绪、新闻...
 加载市场情绪数据...
 加载结构化财联社新闻...
 后台加载持仓股分析报告...
 后台获取实时行情更新...
 后台异步刷新中轴价格...
 [refreshAxisPricesInBackground] 后台开始刷新中轴价格...
 [restoreCollapsedState] 分析模块默认展开
 [updateStockPricesOnce] 获取实时行情...
 [updateStockPricesOnce] 股票列表: Array(12)
 [updateStockPricesOnce] 请求体: {"stocks":[{"code":"000559","market":"A股"},{"code":"000878","market":"A股"},{"code":"002050","market":"A股"},{"code":"002594","market":"A股"},{"code":"300229","market":"A股"},{"code":"300316","market":"A股"},{"code":"300442","market":"A股"},{"code":"601600","market":"A股"},{"code":"688795","market":"A股"},{"code":"00285","market":"港股"},{"code":"00700","market":"港股"},{"code":"09988","market":"港股"}]}
 [updateStockPricesOnce] 发起 fetch 请求...
 [热点板块] 已更新 6 个板块
 loadIBAnalysis API 返回: Object
 API 返回 holdings 数量: 12
 renderIBAnalysis 被调用，完整数据: {
  "holdings_map": [
    {
      "alignment": "neutral",
      "code": "000559",
      "ib_views": [
        "暂无特定投行观点覆盖"
      ],
      "market": "A股",
      "name": "万向钱潮"
    },
    {
      "alignment": "weak",
      "code": "000878",
      "ib_views": [
        "摩根士丹利: 低配能源/周期",
        "担忧关税影响大宗商品"
      ],
      "market": "A股",
      "name": "云南铜业"
    },
    {
      "alignment": "moderate",
      "code": "002050",
      "ib_views": [
        "瑞银: 人形机器人最受关注",
        "摩根士丹利: 看好自动化"
      ],
      "market": "A股",
      "name": "三花智控"
    },
    {
      "alignment": "neutral",
      "code": "002594",
      "ib_views": [
        "摩根大通: 消费复苏是新动力",
        "智能驾驶主题受关注"
      ],
      "market": "A股",
      "name": "比亚迪"
    },
    {
      "alignment": "moderate",
      "code": "300229",
      "ib_views": [
        "中金: 端侧AI、软件应用均有机会",
        "汇丰: 数据中心需求持续上升"
      ],
      "market": "A股",
      "name": "拓尔思"
    },
    {
      "alignment": "weak",
      "code": "300316",
      "ib_views": [
        "摩根士丹利: 低配能源",
        "行业产能过剩仍存"
      ],
      "market": "A股",
      "name": "晶盛机电"
    },
    {
      "alignment": "moderate",
      "code": "300442",
      "ib_views": [
        "中金: 端侧AI、软件应用均有机会",
        "汇丰: 数据中心需求持续上升"
      ],
      "market": "A股",
      "name": "润泽科技"
    },
    {
      "alignment": "weak",
      "code": "601600",
      "ib_views": [
        "摩根士丹利: 低配能源/周期",
        "担忧关税影响大宗商品"
      ],
      "market": "A股",
      "name": "中国铝业"
    },
    {
      "alignment": "strong",
      "code": "688795",
      "ib_views": [
        "中金: AI产业趋势是中期主线",
        "高盛: AI可提升估值15-20%"
      ],
      "market": "A股",
      "name": "摩尔线程"
    },
    {
      "alignment": "neutral",
      "code": "00285",
      "ib_views": [
        "暂无特定投行观点覆盖"
      ],
      "market": "港股",
      "name": "比亚迪电"
    },
    {
      "alignment": "strong",
      "code": "00700",
      "ib_views": [
        "摩根士丹利: 超配互联网龙头",
        "高盛: 港股AI核心持仓",
        "南向资金创纪录流入"
      ],
      "market": "港股",
      "name": "腾讯控股"
    },
    {
      "alignment": "strong",
      "code": "09988",
      "ib_views": [
        "摩根士丹利: 超配互联网龙头",
        "高盛: 港股AI核心持仓",
        "南向资金创纪录流入"
      ],
      "market": "港股",
      "name": "阿里巴巴"
    }
  ],
  "ib_list": [
    "摩根士丹利",
    "摩根大通",
    "高盛",
    "中金公司",
    "瑞银证券",
    "富达国际",
    "汇丰"
  ],
  "macro_summary": {
    "consensus": "谨慎乐观",
    "key_targets": [
      {
        "index": "沪深300",
        "source": "摩根大通/高盛",
        "target": "4150-4900"
      },
      {
        "index": "MSCI中国",
        "source": "摩根大通/摩根士丹利",
        "target": "80-83"
      }
    ],
    "main_themes": [
      "AI产业趋势是中期主线（中金/高盛/瑞银共识）",
      "港股科技龙头受青睐（摩根士丹利超配建议）",
      "二季度可能先回调再上涨（摩根大通）",
      "全球基金重返中国意愿2021年来最强（高盛）",
      "南向资金创纪录流入港股（摩根士丹利）",
      "AI可提升中国科技股估值15-20%（高盛）",
      "端侧AI、软件应用均有机会（中金公司）",
      "人形机器人最受投资者关注（瑞银证券）",
      "消费复苏是新动力（摩根大通）",
      "数据中心需求持续上升（汇丰银行）",
      "智能驾驶主题受市场关注（中金公司）",
      "自动化相关企业前景看好（摩根士丹利）",
      "港股AI核心持仓推荐（高盛）",
      "港股互联网配置价值凸显（瑞银证券）"
    ],
    "warnings": [
      "摩根大通: 二季度\"退一步进两步\"，4-5月可能回调",
      "高盛: 地缘政治活跃，获利了结压力加大",
      "摩根士丹利: 低配大宗商品、地产、消费必需品"
    ]
  },
  "raw_report": "# 国际投行分析报告\n\n**投行报告日期**: 2026-04-01  \n**系统生成时间**: 2026-04-01 09:01:11  \n**数据来源**: 摩根士丹利、摩根大通、高盛、中金公司、瑞银证券等\n\n> 注：本报告汇总各投行在 **2026-04-01** 发布的研报观点\n\n---\n\n## 一、宏观共识\n\n**外资整体观点**: 谨慎乐观\n\n### 关键指数目标\n| 指数 | 目标区间 | 来源 | 报告日期 |\n|------|---------|------|----------|\n| 沪深300 | 4150-4900 | 摩根大通/高盛 | 2026-04-01 |\n| MSCI中国 | 80-83 | 摩根大通/摩根士丹利 | 2026-04-01 |\n| 恒生指数 | 23000-25000 | 高盛/瑞银 | 2026-04-01 |\n\n### 主要投资主题\n1. **AI产业趋势是中期主线**（中金/高盛/瑞银共识，2026-04-01）\n2. **港股科技龙头受青睐**（摩根士丹利超配建议，2026-04-01）\n3. **二季度可能先回调再上涨**（摩根大通\"退一步进两步\"）\n4. **全球基金重返中国意愿2021年来最强**（高盛）\n\n---\n\n## 二、持仓映射分析\n\n### 当前持仓列表\n- 万向钱潮 (000559) [A股]\n- 云南铜业 (000878) [A股]\n- 三花智控 (002050) [A股]\n- 比亚迪 (002594) [A股]\n- 腾讯控股 (00700) [港股]\n- 拓尔思 (300229) [A股]\n- 晶盛机电 (300316) [A股]\n- 润泽科技 (300442) [A股]\n- 中国铝业 (601600) [A股]\n- 摩尔线程 (688795) [A股]\n- 比亚迪电子 (00285) [港股]\n- 阿里巴巴 (09988) [港股]\n\n### 契合度分析\n\n#### 🟢 高度契合（Strong）\n- **腾讯控股、阿里巴巴**: 摩根士丹利超配互联网龙头，高盛推荐港股AI核心持仓，南向资金创纪录流入\n- **摩尔线程**: 中金认为AI产业趋势是中期主线，高盛称AI可提升估值15-20%\n\n#### 🔵 部分契合（Moderate）\n- **拓尔思、润泽科技**: 中金看好端侧AI、软件应用机会，汇丰认为数据中心需求持续上升\n- **三花智控**: 瑞银关注人形机器人，摩根士丹利看好自动化\n\n#### ⚪ 中性（Neutral）\n- **比亚迪、比亚迪电子**: 摩根大通认为消费复苏是新动力，智能驾驶主题受关注\n\n#### 🔴 存在分歧（Weak）\n- **云南铜业、中国铝业**: 摩根士丹利低配能源/周期，担忧关税影响大宗商品\n- **晶盛机电**: 摩根士丹利低配能源，行业产能过剩仍存\n\n---\n\n## 三、风险提示\n\n⚠️ **摩根大通**: 二季度\"退一步进两步\"，4-5月可能回调  \n⚠️ **高盛**: 地缘政治活跃，获利了结压力加大  \n⚠️ **摩根士丹利**: 低配大宗商品、地产、消费必需品  \n\n---\n\n## 四、机构观点摘要\n\n### 摩根士丹利\n- 超配互联网龙头、AI相关\n- 低配能源、周期、地产\n- 看好港股科技板块\n\n### 高盛\n- 全球基金重返中国意愿2021年来最强\n- AI可提升中国科技股估值15-20%\n- 关注地缘政治风险\n\n### 摩根大通\n- 二季度策略：退一步进两步\n- 4-5月可能经历技术性回调\n- 消费复苏是新动力\n\n### 中金公司\n- AI产业趋势是中期主线\n- 端侧AI、软件应用均有机会\n- 看好算力基础设施\n\n### 瑞银证券\n- 人形机器人最受关注\n- 港股科技配置价值凸显\n- 看好自动化相关企业\n\n---\n\n*报告自动生成于 2026-04-01 09:01:11*\n*下次更新: 明天 09:00*\n...",
  "system_time": "2026-04-03 22:19",
  "update_time": "2026-04-01"
}
 data 的 keys: Array(6)
 最终 holdings 数量: 12
 macro: Object
 holdings_map 数量: 12
 macro_summary: Object
 分类统计: Object
 displayHoldings 数量: 12
 准备渲染持仓契合度, displayHoldings.length: 12
 开始渲染持仓契合度列表
 渲染第1只股票: 万向钱潮 neutral
 渲染第2只股票: 云南铜业 weak
 渲染第3只股票: 三花智控 moderate
 渲染第4只股票: 比亚迪 neutral
 渲染第5只股票: 拓尔思 moderate
 渲染第6只股票: 晶盛机电 weak
 渲染第7只股票: 润泽科技 moderate
 渲染第8只股票: 中国铝业 weak
 渲染第9只股票: 摩尔线程 strong
 渲染第10只股票: 比亚迪电 neutral
 渲染第11只股票: 腾讯控股 strong
 渲染第12只股票: 阿里巴巴 strong
 ibAnalysisContent HTML 已设置，长度: 23501
 [updateStockPricesOnce] fetch 完成，状态: 200
 [updateStockPricesOnce] 响应数据: Object
 [updateStockPricesOnce] 000559: 价格 15.01 -> 14.8, 涨跌 -0.44, 涨跌幅 -2.89%
 [updateStockPricesOnce] 000878: 价格 17.79 -> 17.4, 涨跌 -0.45, 涨跌幅 -2.52%
 [updateStockPricesOnce] 002050: 价格 42.53 -> 41.9, 涨跌 -0.91, 涨跌幅 -2.13%
 [updateStockPricesOnce] 002594: 价格 101.15 -> 99.01, 涨跌 -2.64, 涨跌幅 -2.6%
 [updateStockPricesOnce] 300229: 价格 17.48 -> 17.11, 涨跌 -0.45, 涨跌幅 -2.56%
 [updateStockPricesOnce] 300316: 价格 41.94 -> 40.79, 涨跌 -0.64, 涨跌幅 -1.54%
 [updateStockPricesOnce] 300442: 价格 81.24 -> 81, 涨跌 0.73, 涨跌幅 0.91%
 [updateStockPricesOnce] 601600: 价格 11.45 -> 11.21, 涨跌 -0.47, 涨跌幅 -4.02%
 [updateStockPricesOnce] 688795: 价格 563.4 -> 578.9, 涨跌 26.96, 涨跌幅 4.88%
 [updateStockPricesOnce] 00285: 价格 23.144 -> 27.2, 涨跌 -0.44, 涨跌幅 -1.59%
 [updateStockPricesOnce] 00700: 价格 416.26 -> 489.2, 涨跌 -7.4, 涨跌幅 -1.49%
 [updateStockPricesOnce] 09988: 价格 100.832 -> 118.5, 涨跌 -4.2, 涨跌幅 -3.42%
 [updateStockPricesOnce] 成功更新 12/12 只股票
 [renderStockList] ========== 开始执行 ==========
 [renderStockList] appState.stocks 数量: 12
 [renderStockList] 渲染 12 只股票
 [renderStockList] 股票代码: 000559, 000878, 002050, 002594, 300229, 300316, 300442, 601600, 688795, 00285, 00700, 09988
 [renderStockList] 创建第 1 个股票项: 000559
 [renderStockList] 已添加第 1 个股票项到 DOM
 [renderStockList] 创建第 2 个股票项: 000878
 [renderStockList] 已添加第 2 个股票项到 DOM
 [renderStockList] 创建第 3 个股票项: 002050
 [renderStockList] 已添加第 3 个股票项到 DOM
 [renderStockList] 创建第 4 个股票项: 002594
 [renderStockList] 已添加第 4 个股票项到 DOM
 [renderStockList] 创建第 5 个股票项: 300229
 [renderStockList] 已添加第 5 个股票项到 DOM
 [renderStockList] 创建第 6 个股票项: 300316
 [renderStockList] 已添加第 6 个股票项到 DOM
 [renderStockList] 创建第 7 个股票项: 300442
 [renderStockList] 已添加第 7 个股票项到 DOM
 [renderStockList] 创建第 8 个股票项: 601600
 [renderStockList] 已添加第 8 个股票项到 DOM
 [renderStockList] 创建第 9 个股票项: 688795
 [renderStockList] 已添加第 9 个股票项到 DOM
 [renderStockList] 创建第 10 个股票项: 00285
 [renderStockList] 已添加第 10 个股票项到 DOM
 [renderStockList] 创建第 11 个股票项: 00700
 [renderStockList] 已添加第 11 个股票项到 DOM
 [renderStockList] 创建第 12 个股票项: 09988
 [renderStockList] 已添加第 12 个股票项到 DOM
 [renderStockList] 渲染完成，列表子元素数量: 12
 [renderStockList] ========== 执行结束 ==========
 [renderStockDetail] 被调用, stock.code=000559, name=万向钱潮
 [updateStockPricesOnce] 实时行情更新完成
 [renderStockDetail] 被调用, stock.code=09988, name=阿里巴巴
 [renderHKShortRiskWarning] 开始渲染港股沽空提示，股票: 09988 阿里巴巴
 [Southbound] 检查元素: southboundEl=true, isHKStock=true
 [Southbound] 显示南向区域: 09988
 [Southbound] 准备调用函数: 09988
 [Southbound] === 加载: 09988 ===
 [Southbound] 显示加载状态: 09988
 [Southbound] 请求API: /api/southbound/stock/09988
 [simulatePriceUpdate] 开始重新渲染列表...
 [renderStockList] ========== 开始执行 ==========
 [renderStockList] appState.stocks 数量: 12
 [renderStockList] 渲染 12 只股票
 [renderStockList] 股票代码: 000559, 000878, 002050, 002594, 300229, 300316, 300442, 601600, 688795, 00285, 00700, 09988
 [renderStockList] 创建第 1 个股票项: 000559
 [renderStockList] 已添加第 1 个股票项到 DOM
 [renderStockList] 创建第 2 个股票项: 000878
 [renderStockList] 已添加第 2 个股票项到 DOM
 [renderStockList] 创建第 3 个股票项: 002050
 [renderStockList] 已添加第 3 个股票项到 DOM
 [renderStockList] 创建第 4 个股票项: 002594
 [renderStockList] 已添加第 4 个股票项到 DOM
 [renderStockList] 创建第 5 个股票项: 300229
 [renderStockList] 已添加第 5 个股票项到 DOM
 [renderStockList] 创建第 6 个股票项: 300316
 [renderStockList] 已添加第 6 个股票项到 DOM
 [renderStockList] 创建第 7 个股票项: 300442
 [renderStockList] 已添加第 7 个股票项到 DOM
 [renderStockList] 创建第 8 个股票项: 601600
 [renderStockList] 已添加第 8 个股票项到 DOM
 [renderStockList] 创建第 9 个股票项: 688795
 [renderStockList] 已添加第 9 个股票项到 DOM
 [renderStockList] 创建第 10 个股票项: 00285
 [renderStockList] 已添加第 10 个股票项到 DOM
 [renderStockList] 创建第 11 个股票项: 00700
 [renderStockList] 已添加第 11 个股票项到 DOM
 [renderStockList] 创建第 12 个股票项: 09988
 [renderStockList] 已添加第 12 个股票项到 DOM
 [renderStockList] 渲染完成，列表子元素数量: 12
 [renderStockList] ========== 执行结束 ==========
 [simulatePriceUpdate] 列表重新渲染完成
 [renderStockDetail] 被调用, stock.code=09988, name=阿里巴巴
 [renderHKShortRiskWarning] 开始渲染港股沽空提示，股票: 09988 阿里巴巴
 [Southbound] 检查元素: southboundEl=true, isHKStock=true
 [Southbound] 显示南向区域: 09988
 [Southbound] 准备调用函数: 09988
 [Southbound] === 加载: 09988 ===
 [Southbound] 显示加载状态: 09988
 [Southbound] 请求API: /api/southbound/stock/09988
 alertLog 元素不存在，跳过日志记录: 已忽略本次提醒
addAlertLog @ app.js:2402
 [DEBUG] renderSentiment 开始执行, appState.sentiment: Object
 [DEBUG] 准备调用 loadPortfolioAnalysis
 [DEBUG] loadPortfolioAnalysis 调用完成
 [DEBUG] 准备调用 loadHKPortfolioRisk
 [DEBUG] loadHKPortfolioRisk 开始执行
 [DEBUG] loadHKPortfolioRisk 调用完成
 市场情绪加载完成: 中性
 [simulatePriceUpdate] 开始重新渲染列表...
 [renderStockList] ========== 开始执行 ==========
 [renderStockList] appState.stocks 数量: 12
 [renderStockList] 渲染 12 只股票
 [renderStockList] 股票代码: 000559, 000878, 002050, 002594, 300229, 300316, 300442, 601600, 688795, 00285, 00700, 09988
 [renderStockList] 创建第 1 个股票项: 000559
 [renderStockList] 已添加第 1 个股票项到 DOM
 [renderStockList] 创建第 2 个股票项: 000878
 [renderStockList] 已添加第 2 个股票项到 DOM
 [renderStockList] 创建第 3 个股票项: 002050
 [renderStockList] 已添加第 3 个股票项到 DOM
 [renderStockList] 创建第 4 个股票项: 002594
 [renderStockList] 已添加第 4 个股票项到 DOM
 [renderStockList] 创建第 5 个股票项: 300229
 [renderStockList] 已添加第 5 个股票项到 DOM
 [renderStockList] 创建第 6 个股票项: 300316
 [renderStockList] 已添加第 6 个股票项到 DOM
 [renderStockList] 创建第 7 个股票项: 300442
 [renderStockList] 已添加第 7 个股票项到 DOM
 [renderStockList] 创建第 8 个股票项: 601600
 [renderStockList] 已添加第 8 个股票项到 DOM
 [renderStockList] 创建第 9 个股票项: 688795
 [renderStockList] 已添加第 9 个股票项到 DOM
 [renderStockList] 创建第 10 个股票项: 00285
 [renderStockList] 已添加第 10 个股票项到 DOM
 [renderStockList] 创建第 11 个股票项: 00700
 [renderStockList] 已添加第 11 个股票项到 DOM
 [renderStockList] 创建第 12 个股票项: 09988
 [renderStockList] 已添加第 12 个股票项到 DOM
 [renderStockList] 渲染完成，列表子元素数量: 12
 [renderStockList] ========== 执行结束 ==========
 [simulatePriceUpdate] 列表重新渲染完成
 [renderStockDetail] 被调用, stock.code=09988, name=阿里巴巴
 [renderHKShortRiskWarning] 开始渲染港股沽空提示，股票: 09988 阿里巴巴
 [Southbound] 检查元素: southboundEl=true, isHKStock=true
 [Southbound] 显示南向区域: 09988
 [Southbound] 准备调用函数: 09988
 [Southbound] === 加载: 09988 ===
 [Southbound] 显示加载状态: 09988
 [Southbound] 请求API: /api/southbound/stock/09988
 [simulatePriceUpdate] 跳过：已有更新在进行中
 [renderHKShortRiskWarning] 渲染完成
 [simulatePriceUpdate] 开始重新渲染列表...
 [renderStockList] ========== 开始执行 ==========
 [renderStockList] appState.stocks 数量: 12
 [renderStockList] 渲染 12 只股票
 [renderStockList] 股票代码: 000559, 000878, 002050, 002594, 300229, 300316, 300442, 601600, 688795, 00285, 00700, 09988
 [renderStockList] 创建第 1 个股票项: 000559
 [renderStockList] 已添加第 1 个股票项到 DOM
 [renderStockList] 创建第 2 个股票项: 000878
 [renderStockList] 已添加第 2 个股票项到 DOM
 [renderStockList] 创建第 3 个股票项: 002050
 [renderStockList] 已添加第 3 个股票项到 DOM
 [renderStockList] 创建第 4 个股票项: 002594
 [renderStockList] 已添加第 4 个股票项到 DOM
 [renderStockList] 创建第 5 个股票项: 300229
 [renderStockList] 已添加第 5 个股票项到 DOM
 [renderStockList] 创建第 6 个股票项: 300316
 [renderStockList] 已添加第 6 个股票项到 DOM
 [renderStockList] 创建第 7 个股票项: 300442
 [renderStockList] 已添加第 7 个股票项到 DOM
 [renderStockList] 创建第 8 个股票项: 601600
 [renderStockList] 已添加第 8 个股票项到 DOM
 [renderStockList] 创建第 9 个股票项: 688795
 [renderStockList] 已添加第 9 个股票项到 DOM
 [renderStockList] 创建第 10 个股票项: 00285
 [renderStockList] 已添加第 10 个股票项到 DOM
 [renderStockList] 创建第 11 个股票项: 00700
 [renderStockList] 已添加第 11 个股票项到 DOM
 [renderStockList] 创建第 12 个股票项: 09988
 [renderStockList] 已添加第 12 个股票项到 DOM
 [renderStockList] 渲染完成，列表子元素数量: 12
 [renderStockList] ========== 执行结束 ==========
 [simulatePriceUpdate] 列表重新渲染完成
 [renderStockDetail] 被调用, stock.code=09988, name=阿里巴巴
 [renderHKShortRiskWarning] 开始渲染港股沽空提示，股票: 09988 阿里巴巴
 [renderHKShortRiskWarning] 使用缓存数据，股票: 09988
 [Southbound] 检查元素: southboundEl=true, isHKStock=true
 [Southbound] 显示南向区域: 09988
 [Southbound] 准备调用函数: 09988
 [Southbound] === 加载: 09988 ===
 [Southbound] 显示加载状态: 09988
 [Southbound] 请求API: /api/southbound/stock/09988
 [simulatePriceUpdate] 跳过：已有更新在进行中
 [renderHKShortRiskWarning] 渲染完成
 [simulatePriceUpdate] 跳过：已有更新在进行中
 [DEBUG] API 响应状态: 200
 [DEBUG] API 返回数据: Object
 [DEBUG] changes type: object keys: Array(4)
 [DEBUG] changes[3d]: Object
 [DEBUG] changes[1w]: Object
 [simulatePriceUpdate] 开始重新渲染列表...
 [renderStockList] ========== 开始执行 ==========
 [renderStockList] appState.stocks 数量: 12
 [renderStockList] 渲染 12 只股票
 [renderStockList] 股票代码: 000559, 000878, 002050, 002594, 300229, 300316, 300442, 601600, 688795, 00285, 00700, 09988
 [renderStockList] 创建第 1 个股票项: 000559
 [renderStockList] 已添加第 1 个股票项到 DOM
 [renderStockList] 创建第 2 个股票项: 000878
 [renderStockList] 已添加第 2 个股票项到 DOM
 [renderStockList] 创建第 3 个股票项: 002050
 [renderStockList] 已添加第 3 个股票项到 DOM
 [renderStockList] 创建第 4 个股票项: 002594
 [renderStockList] 已添加第 4 个股票项到 DOM
 [renderStockList] 创建第 5 个股票项: 300229
 [renderStockList] 已添加第 5 个股票项到 DOM
 [renderStockList] 创建第 6 个股票项: 300316
 [renderStockList] 已添加第 6 个股票项到 DOM
 [renderStockList] 创建第 7 个股票项: 300442
 [renderStockList] 已添加第 7 个股票项到 DOM
 [renderStockList] 创建第 8 个股票项: 601600
 [renderStockList] 已添加第 8 个股票项到 DOM
 [renderStockList] 创建第 9 个股票项: 688795
 [renderStockList] 已添加第 9 个股票项到 DOM
 [renderStockList] 创建第 10 个股票项: 00285
 [renderStockList] 已添加第 10 个股票项到 DOM
 [renderStockList] 创建第 11 个股票项: 00700
 [renderStockList] 已添加第 11 个股票项到 DOM
 [renderStockList] 创建第 12 个股票项: 09988
 [renderStockList] 已添加第 12 个股票项到 DOM
 [renderStockList] 渲染完成，列表子元素数量: 12
 [renderStockList] ========== 执行结束 ==========
 [simulatePriceUpdate] 列表重新渲染完成
 [renderStockDetail] 被调用, stock.code=09988, name=阿里巴巴
 [renderHKShortRiskWarning] 开始渲染港股沽空提示，股票: 09988 阿里巴巴
 [renderHKShortRiskWarning] 使用缓存数据，股票: 09988
 [Southbound] 检查元素: southboundEl=true, isHKStock=true
 [Southbound] 显示南向区域: 09988
 [Southbound] 准备调用函数: 09988
 [Southbound] === 加载: 09988 ===
 [Southbound] 显示加载状态: 09988
 [Southbound] 请求API: /api/southbound/stock/09988
 [simulatePriceUpdate] 跳过：已有更新在进行中
 [simulatePriceUpdate] 开始重新渲染列表...
 [renderStockList] ========== 开始执行 ==========
 [renderStockList] appState.stocks 数量: 12
 [renderStockList] 渲染 12 只股票
 [renderStockList] 股票代码: 000559, 000878, 002050, 002594, 300229, 300316, 300442, 601600, 688795, 00285, 00700, 09988
 [renderStockList] 创建第 1 个股票项: 000559
 [renderStockList] 已添加第 1 个股票项到 DOM
 [renderStockList] 创建第 2 个股票项: 000878
 [renderStockList] 已添加第 2 个股票项到 DOM
 [renderStockList] 创建第 3 个股票项: 002050
 [renderStockList] 已添加第 3 个股票项到 DOM
 [renderStockList] 创建第 4 个股票项: 002594
 [renderStockList] 已添加第 4 个股票项到 DOM
 [renderStockList] 创建第 5 个股票项: 300229
 [renderStockList] 已添加第 5 个股票项到 DOM
 [renderStockList] 创建第 6 个股票项: 300316
 [renderStockList] 已添加第 6 个股票项到 DOM
 [renderStockList] 创建第 7 个股票项: 300442
 [renderStockList] 已添加第 7 个股票项到 DOM
 [renderStockList] 创建第 8 个股票项: 601600
 [renderStockList] 已添加第 8 个股票项到 DOM
 [renderStockList] 创建第 9 个股票项: 688795
 [renderStockList] 已添加第 9 个股票项到 DOM
 [renderStockList] 创建第 10 个股票项: 00285
 [renderStockList] 已添加第 10 个股票项到 DOM
 [renderStockList] 创建第 11 个股票项: 00700
 [renderStockList] 已添加第 11 个股票项到 DOM
 [renderStockList] 创建第 12 个股票项: 09988
 [renderStockList] 已添加第 12 个股票项到 DOM
 [renderStockList] 渲染完成，列表子元素数量: 12
 [renderStockList] ========== 执行结束 ==========
 [simulatePriceUpdate] 列表重新渲染完成
 [renderStockDetail] 被调用, stock.code=09988, name=阿里巴巴
 [renderHKShortRiskWarning] 开始渲染港股沽空提示，股票: 09988 阿里巴巴
 [renderHKShortRiskWarning] 使用缓存数据，股票: 09988
 [Southbound] 检查元素: southboundEl=true, isHKStock=true
 [Southbound] 显示南向区域: 09988
 [Southbound] 准备调用函数: 09988
 [Southbound] === 加载: 09988 ===
 [Southbound] 显示加载状态: 09988
 [Southbound] 请求API: /api/southbound/stock/09988
 [renderHKShortRiskWarning] 渲染完成
 [simulatePriceUpdate] 跳过：已有更新在进行中
 [simulatePriceUpdate] 跳过：已有更新在进行中
 [simulatePriceUpdate] 跳过：已有更新在进行中
 [simulatePriceUpdate] 跳过：已有更新在进行中
 [simulatePriceUpdate] 跳过：已有更新在进行中
 [热点板块] 已更新 6 个板块
 [simulatePriceUpdate] 跳过：已有更新在进行中
 [simulatePriceUpdate] 开始重新渲染列表...
 [renderStockList] ========== 开始执行 ==========
 [renderStockList] appState.stocks 数量: 12
 [renderStockList] 渲染 12 只股票
 [renderStockList] 股票代码: 000559, 000878, 002050, 002594, 300229, 300316, 300442, 601600, 688795, 00285, 00700, 09988
 [renderStockList] 创建第 1 个股票项: 000559
 [renderStockList] 已添加第 1 个股票项到 DOM
 [renderStockList] 创建第 2 个股票项: 000878
 [renderStockList] 已添加第 2 个股票项到 DOM
 [renderStockList] 创建第 3 个股票项: 002050
 [renderStockList] 已添加第 3 个股票项到 DOM
 [renderStockList] 创建第 4 个股票项: 002594
 [renderStockList] 已添加第 4 个股票项到 DOM
 [renderStockList] 创建第 5 个股票项: 300229
 [renderStockList] 已添加第 5 个股票项到 DOM
 [renderStockList] 创建第 6 个股票项: 300316
 [renderStockList] 已添加第 6 个股票项到 DOM
 [renderStockList] 创建第 7 个股票项: 300442
 [renderStockList] 已添加第 7 个股票项到 DOM
 [renderStockList] 创建第 8 个股票项: 601600
 [renderStockList] 已添加第 8 个股票项到 DOM
 [renderStockList] 创建第 9 个股票项: 688795
 [renderStockList] 已添加第 9 个股票项到 DOM
 [renderStockList] 创建第 10 个股票项: 00285
 [renderStockList] 已添加第 10 个股票项到 DOM
 [renderStockList] 创建第 11 个股票项: 00700
 [renderStockList] 已添加第 11 个股票项到 DOM
 [renderStockList] 创建第 12 个股票项: 09988
 [renderStockList] 已添加第 12 个股票项到 DOM
 [renderStockList] 渲染完成，列表子元素数量: 12
 [renderStockList] ========== 执行结束 ==========
 [simulatePriceUpdate] 列表重新渲染完成
 [renderStockDetail] 被调用, stock.code=09988, name=阿里巴巴
 [renderHKShortRiskWarning] 开始渲染港股沽空提示，股票: 09988 阿里巴巴
 [renderHKShortRiskWarning] 使用缓存数据，股票: 09988
 [Southbound] 检查元素: southboundEl=true, isHKStock=true
 [Southbound] 显示南向区域: 09988
 [Southbound] 准备调用函数: 09988
 [Southbound] === 加载: 09988 ===
 [Southbound] 显示加载状态: 09988
 [Southbound] 请求API: /api/southbound/stock/09988
 [simulatePriceUpdate] 跳过：已有更新在进行中
 [simulatePriceUpdate] 跳过：已有更新在进行中
 [simulatePriceUpdate] 跳过：已有更新在进行中
 加载市场情绪数据...
 加载结构化财联社新闻...
 [simulatePriceUpdate] 跳过：已有更新在进行中
 [simulatePriceUpdate] 跳过：已有更新在进行中
 [simulatePriceUpdate] 跳过：已有更新在进行中
 [simulatePriceUpdate] 跳过：已有更新在进行中
 [simulatePriceUpdate] 跳过：已有更新在进行中
 新闻加载完成: 头条4条, 题材2条, 日历3条
 热点板块、情绪、新闻加载完成
 [simulatePriceUpdate] 跳过：已有更新在进行中
 [simulatePriceUpdate] 跳过：已有更新在进行中
 [simulatePriceUpdate] 跳过：已有更新在进行中
 [simulatePriceUpdate] 跳过：已有更新在进行中
 [simulatePriceUpdate] 跳过：已有更新在进行中
 [Southbound] 响应: HTTP 200
 [Southbound] 数据: success=true, count=49, 耗时88248ms
 [Southbound] 更新统计数据: 09988, 49条数据
 [Southbound] 最新数据: Object
 [Southbound] ratioEl找到: true
 [Southbound] 已更新持股比例: 11.64%
 [Southbound] netInflow30El找到: true, 30日净流入: 8.730000000000025
 [Southbound] 已更新30日净流入
 [Southbound] signalEl找到: true
 [Southbound] 已更新信号: 增持
 [Southbound] 渲染完成: 09988
 [simulatePriceUpdate] 跳过：已有更新在进行中
 [simulatePriceUpdate] 跳过：已有更新在进行中
 [simulatePriceUpdate] 跳过：已有更新在进行中
 [renderStockDetail] 被调用, stock.code=00700, name=腾讯控股
 [renderHKShortRiskWarning] 开始渲染港股沽空提示，股票: 00700 腾讯控股
 [Southbound] 检查元素: southboundEl=true, isHKStock=true
 [Southbound] 显示南向区域: 00700
 [Southbound] 准备调用函数: 00700
 [Southbound] === 加载: 00700 ===
 [Southbound] 取消旧请求: 09988
 [Southbound] 显示加载状态: 00700
 [Southbound] 请求API: /api/southbound/stock/00700
 [Southbound] 请求被主动取消: 09988
 [simulatePriceUpdate] 跳过：已有更新在进行中
 [simulatePriceUpdate] 跳过：已有更新在进行中
 [simulatePriceUpdate] 跳过：已有更新在进行中
 [Southbound] 响应: HTTP 200
 [Southbound] 数据: success=true, count=49, 耗时84634ms
 [Southbound] 更新统计数据: 09988, 49条数据
 [Southbound] 最新数据: Object
 [Southbound] ratioEl找到: true
 [Southbound] 已更新持股比例: 11.64%
 [Southbound] netInflow30El找到: true, 30日净流入: 8.730000000000025
 [Southbound] 已更新30日净流入
 [Southbound] signalEl找到: true
 [Southbound] 已更新信号: 增持
 [Southbound] 渲染完成: 09988
 [simulatePriceUpdate] 跳过：已有更新在进行中
 [simulatePriceUpdate] 跳过：已有更新在进行中
 [simulatePriceUpdate] 跳过：已有更新在进行中
 [simulatePriceUpdate] 跳过：已有更新在进行中
 加载市场情绪数据...
 加载结构化财联社新闻...
 [simulatePriceUpdate] 跳过：已有更新在进行中
 [renderStockDetail] 被调用, stock.code=00285, name=比亚迪电
 [renderHKShortRiskWarning] 开始渲染港股沽空提示，股票: 00285 比亚迪电
 [Southbound] 检查元素: southboundEl=true, isHKStock=true
 [Southbound] 显示南向区域: 00285
 [Southbound] 准备调用函数: 00285
 [Southbound] === 加载: 00285 ===
 [Southbound] 取消旧请求: 00700
 [Southbound] 显示加载状态: 00285
southbound.js?v=1775225986:313 [Southbound] 请求API: /api/southbound/stock/00285
southbound.js?v=1775225986:344 [Southbound] 请求被主动取消: 00700
app.js?v=1775225986:2121 [simulatePriceUpdate] 跳过：已有更新在进行中
southbound.js?v=1775225986:321 [Southbound] 响应: HTTP 200
southbound.js?v=1775225986:330 [Southbound] 数据: success=true, count=49, 耗时123178ms
southbound.js?v=1775225986:418 [Southbound] 更新统计数据: 09988, 49条数据
southbound.js?v=1775225986:426 [Southbound] 最新数据: Object
southbound.js?v=1775225986:430 [Southbound] ratioEl找到: true
southbound.js?v=1775225986:433 [Southbound] 已更新持股比例: 11.64%
southbound.js?v=1775225986:440 [Southbound] netInflow30El找到: true, 30日净流入: 8.730000000000025
southbound.js?v=1775225986:444 [Southbound] 已更新30日净流入
southbound.js?v=1775225986:449 [Southbound] signalEl找到: true
southbound.js?v=1775225986:459 [Southbound] 已更新信号: 增持
southbound.js?v=1775225986:337 [Southbound] 渲染完成: 09988
southbound.js?v=1775225986:321 [Southbound] 响应: HTTP 200
southbound.js?v=1775225986:330 [Southbound] 数据: success=true, count=49, 耗时100687ms
southbound.js?v=1775225986:418 [Southbound] 更新统计数据: 09988, 49条数据
southbound.js?v=1775225986:426 [Southbound] 最新数据: Object
southbound.js?v=1775225986:430 [Southbound] ratioEl找到: true
southbound.js?v=1775225986:433 [Southbound] 已更新持股比例: 11.64%
southbound.js?v=1775225986:440 [Southbound] netInflow30El找到: true, 30日净流入: 8.730000000000025
southbound.js?v=1775225986:444 [Southbound] 已更新30日净流入
southbound.js?v=1775225986:449 [Southbound] signalEl找到: true
southbound.js?v=1775225986:459 [Southbound] 已更新信号: 增持
southbound.js?v=1775225986:337 [Southbound] 渲染完成: 09988
app.js?v=1775225986:2121 [simulatePriceUpdate] 跳过：已有更新在进行中
app.js?v=1775225986:2121 [simulatePriceUpdate] 跳过：已有更新在进行中
app.js?v=1775225986:2172 [simulatePriceUpdate] 开始重新渲染列表...
app.js?v=1775225986:611 [renderStockList] ========== 开始执行 ==========
app.js?v=1775225986:620 [renderStockList] appState.stocks 数量: 12
app.js?v=1775225986:628 [renderStockList] 渲染 12 只股票
app.js?v=1775225986:629 [renderStockList] 股票代码: 000559, 000878, 002050, 002594, 300229, 300316, 300442, 601600, 688795, 00285, 00700, 09988
app.js?v=1775225986:632 [renderStockList] 创建第 1 个股票项: 000559
app.js?v=1775225986:686 [renderStockList] 已添加第 1 个股票项到 DOM
app.js?v=1775225986:632 [renderStockList] 创建第 2 个股票项: 000878
app.js?v=1775225986:686 [renderStockList] 已添加第 2 个股票项到 DOM
app.js?v=1775225986:632 [renderStockList] 创建第 3 个股票项: 002050
app.js?v=1775225986:686 [renderStockList] 已添加第 3 个股票项到 DOM
app.js?v=1775225986:632 [renderStockList] 创建第 4 个股票项: 002594
app.js?v=1775225986:686 [renderStockList] 已添加第 4 个股票项到 DOM
app.js?v=1775225986:632 [renderStockList] 创建第 5 个股票项: 300229
app.js?v=1775225986:686 [renderStockList] 已添加第 5 个股票项到 DOM
app.js?v=1775225986:632 [renderStockList] 创建第 6 个股票项: 300316
app.js?v=1775225986:686 [renderStockList] 已添加第 6 个股票项到 DOM
app.js?v=1775225986:632 [renderStockList] 创建第 7 个股票项: 300442
app.js?v=1775225986:686 [renderStockList] 已添加第 7 个股票项到 DOM
app.js?v=1775225986:632 [renderStockList] 创建第 8 个股票项: 601600
app.js?v=1775225986:686 [renderStockList] 已添加第 8 个股票项到 DOM
app.js?v=1775225986:632 [renderStockList] 创建第 9 个股票项: 688795
app.js?v=1775225986:686 [renderStockList] 已添加第 9 个股票项到 DOM
app.js?v=1775225986:632 [renderStockList] 创建第 10 个股票项: 00285
app.js?v=1775225986:686 [renderStockList] 已添加第 10 个股票项到 DOM
app.js?v=1775225986:632 [renderStockList] 创建第 11 个股票项: 00700
app.js?v=1775225986:686 [renderStockList] 已添加第 11 个股票项到 DOM
app.js?v=1775225986:632 [renderStockList] 创建第 12 个股票项: 09988
app.js?v=1775225986:686 [renderStockList] 已添加第 12 个股票项到 DOM
app.js?v=1775225986:689 [renderStockList] 渲染完成，列表子元素数量: 12
app.js?v=1775225986:690 [renderStockList] ========== 执行结束 ==========
app.js?v=1775225986:2174 [simulatePriceUpdate] 列表重新渲染完成
app.js?v=1775225986:710 [renderStockDetail] 被调用, stock.code=00285, name=比亚迪电
app.js?v=1775225986:1037 [renderHKShortRiskWarning] 开始渲染港股沽空提示，股票: 00285 比亚迪电
app.js?v=1775225986:912 [Southbound] 检查元素: southboundEl=true, isHKStock=true
app.js?v=1775225986:915 [Southbound] 显示南向区域: 00285
app.js?v=1775225986:918 [Southbound] 准备调用函数: 00285
southbound.js?v=1775225986:285 [Southbound] === 加载: 00285 ===
southbound.js?v=1775225986:280 [Southbound] 显示加载状态: 00285
southbound.js?v=1775225986:313 [Southbound] 请求API: /api/southbound/stock/00285
app.js?v=1775225986:1634 [热点板块] 已更新 6 个板块
southbound.js?v=1775225986:321 [Southbound] 响应: HTTP 200
southbound.js?v=1775225986:330 [Southbound] 数据: success=true, count=49, 耗时126450ms
southbound.js?v=1775225986:418 [Southbound] 更新统计数据: 09988, 49条数据
southbound.js?v=1775225986:426 [Southbound] 最新数据: Object
southbound.js?v=1775225986:430 [Southbound] ratioEl找到: true
southbound.js?v=1775225986:433 [Southbound] 已更新持股比例: 11.64%
southbound.js?v=1775225986:440 [Southbound] netInflow30El找到: true, 30日净流入: 8.730000000000025
southbound.js?v=1775225986:444 [Southbound] 已更新30日净流入
southbound.js?v=1775225986:449 [Southbound] signalEl找到: true
southbound.js?v=1775225986:459 [Southbound] 已更新信号: 增持
southbound.js?v=1775225986:337 [Southbound] 渲染完成: 09988
app.js?v=1775225986:2121 [simulatePriceUpdate] 跳过：已有更新在进行中
app.js?v=1775225986:2430 [DEBUG] renderSentiment 开始执行, appState.sentiment: Object
app.js?v=1775225986:2584 [DEBUG] 准备调用 loadPortfolioAnalysis
app.js?v=1775225986:2586 [DEBUG] loadPortfolioAnalysis 调用完成
app.js?v=1775225986:2589 [DEBUG] 准备调用 loadHKPortfolioRisk
app.js?v=1775225986:2855 [DEBUG] loadHKPortfolioRisk 开始执行
app.js?v=1775225986:2591 [DEBUG] loadHKPortfolioRisk 调用完成
app.js?v=1775225986:2419 市场情绪加载完成: 中性
app.js?v=1775225986:2121 [simulatePriceUpdate] 跳过：已有更新在进行中
app.js?v=1775225986:2121 [simulatePriceUpdate] 跳过：已有更新在进行中
app.js?v=1775225986:2121 [simulatePriceUpdate] 跳过：已有更新在进行中
app.js?v=1775225986:2121 [simulatePriceUpdate] 跳过：已有更新在进行中
app.js?v=1775225986:2121 [simulatePriceUpdate] 跳过：已有更新在进行中
app.js?v=1775225986:2121 [simulatePriceUpdate] 跳过：已有更新在进行中
app.js?v=1775225986:2121 [simulatePriceUpdate] 跳过：已有更新在进行中
app.js?v=1775225986:2121 [simulatePriceUpdate] 跳过：已有更新在进行中
app.js?v=1775225986:2121 [simulatePriceUpdate] 跳过：已有更新在进行中
app.js?v=1775225986:1634 [热点板块] 已更新 6 个板块
app.js?v=1775225986:2121 [simulatePriceUpdate] 跳过：已有更新在进行中
app.js?v=1775225986:2121 [simulatePriceUpdate] 跳过：已有更新在进行中
southbound.js?v=1775225986:321 [Southbound] 响应: HTTP 200
southbound.js?v=1775225986:330 [Southbound] 数据: success=true, count=90, 耗时49267ms
southbound.js?v=1775225986:418 [Southbound] 更新统计数据: 00285, 90条数据
southbound.js?v=1775225986:426 [Southbound] 最新数据: Object
southbound.js?v=1775225986:430 [Southbound] ratioEl找到: true
southbound.js?v=1775225986:433 [Southbound] 已更新持股比例: 12.36%
southbound.js?v=1775225986:440 [Southbound] netInflow30El找到: true, 30日净流入: 2.5200000000000005
southbound.js?v=1775225986:444 [Southbound] 已更新30日净流入
southbound.js?v=1775225986:449 [Southbound] signalEl找到: true
southbound.js?v=1775225986:459 [Southbound] 已更新信号: 中性
southbound.js?v=1775225986:337 [Southbound] 渲染完成: 00285
app.js?v=1775225986:2121 [simulatePriceUpdate] 跳过：已有更新在进行中
app.js?v=1775225986:2172 [simulatePriceUpdate] 开始重新渲染列表...
app.js?v=1775225986:611 [renderStockList] ========== 开始执行 ==========
app.js?v=1775225986:620 [renderStockList] appState.stocks 数量: 12
app.js?v=1775225986:628 [renderStockList] 渲染 12 只股票
app.js?v=1775225986:629 [renderStockList] 股票代码: 000559, 000878, 002050, 002594, 300229, 300316, 300442, 601600, 688795, 00285, 00700, 09988
app.js?v=1775225986:632 [renderStockList] 创建第 1 个股票项: 000559
app.js?v=1775225986:686 [renderStockList] 已添加第 1 个股票项到 DOM
app.js?v=1775225986:632 [renderStockList] 创建第 2 个股票项: 000878
app.js?v=1775225986:686 [renderStockList] 已添加第 2 个股票项到 DOM
app.js?v=1775225986:632 [renderStockList] 创建第 3 个股票项: 002050
app.js?v=1775225986:686 [renderStockList] 已添加第 3 个股票项到 DOM
app.js?v=1775225986:632 [renderStockList] 创建第 4 个股票项: 002594
app.js?v=1775225986:686 [renderStockList] 已添加第 4 个股票项到 DOM
app.js?v=1775225986:632 [renderStockList] 创建第 5 个股票项: 300229
app.js?v=1775225986:686 [renderStockList] 已添加第 5 个股票项到 DOM
app.js?v=1775225986:632 [renderStockList] 创建第 6 个股票项: 300316
app.js?v=1775225986:686 [renderStockList] 已添加第 6 个股票项到 DOM
app.js?v=1775225986:632 [renderStockList] 创建第 7 个股票项: 300442
app.js?v=1775225986:686 [renderStockList] 已添加第 7 个股票项到 DOM
app.js?v=1775225986:632 [renderStockList] 创建第 8 个股票项: 601600
app.js?v=1775225986:686 [renderStockList] 已添加第 8 个股票项到 DOM
app.js?v=1775225986:632 [renderStockList] 创建第 9 个股票项: 688795
app.js?v=1775225986:686 [renderStockList] 已添加第 9 个股票项到 DOM
app.js?v=1775225986:632 [renderStockList] 创建第 10 个股票项: 00285
app.js?v=1775225986:686 [renderStockList] 已添加第 10 个股票项到 DOM
app.js?v=1775225986:632 [renderStockList] 创建第 11 个股票项: 00700
app.js?v=1775225986:686 [renderStockList] 已添加第 11 个股票项到 DOM
app.js?v=1775225986:632 [renderStockList] 创建第 12 个股票项: 09988
app.js?v=1775225986:686 [renderStockList] 已添加第 12 个股票项到 DOM
app.js?v=1775225986:689 [renderStockList] 渲染完成，列表子元素数量: 12
app.js?v=1775225986:690 [renderStockList] ========== 执行结束 ==========
app.js?v=1775225986:2174 [simulatePriceUpdate] 列表重新渲染完成
app.js?v=1775225986:710 [renderStockDetail] 被调用, stock.code=00285, name=比亚迪电
app.js?v=1775225986:1037 [renderHKShortRiskWarning] 开始渲染港股沽空提示，股票: 00285 比亚迪电
app.js?v=1775225986:912 [Southbound] 检查元素: southboundEl=true, isHKStock=true
app.js?v=1775225986:915 [Southbound] 显示南向区域: 00285
app.js?v=1775225986:918 [Southbound] 准备调用函数: 00285
southbound.js?v=1775225986:285 [Southbound] === 加载: 00285 ===
southbound.js?v=1775225986:290 [Southbound] 缓存命中，直接渲染: 00285
southbound.js?v=1775225986:418 [Southbound] 更新统计数据: 00285, 90条数据
southbound.js?v=1775225986:426 [Southbound] 最新数据: Object
southbound.js?v=1775225986:430 [Southbound] ratioEl找到: true
southbound.js?v=1775225986:433 [Southbound] 已更新持股比例: 12.36%
southbound.js?v=1775225986:440 [Southbound] netInflow30El找到: true, 30日净流入: 2.5200000000000005
southbound.js?v=1775225986:444 [Southbound] 已更新30日净流入
southbound.js?v=1775225986:449 [Southbound] signalEl找到: true
southbound.js?v=1775225986:459 [Southbound] 已更新信号: 中性
app.js?v=1775225986:1082 [renderHKShortRiskWarning] 渲染完成
app.js?v=1775225986:1634 [热点板块] 已更新 6 个板块
 [Southbound] 响应: HTTP 200
 [Southbound] 数据: success=true, count=49, 耗时163817ms
 [Southbound] 更新统计数据: 09988, 49条数据
 [Southbound] 最新数据: {close_price: 118.5, date: '2026-04-02', hold_change: -2772129, hold_ratio: 11.64, hold_shares: 2226139365, …}
 [Southbound] ratioEl找到: true
 [Southbound] 已更新持股比例: 11.64%
 [Southbound] netInflow30El找到: true, 30日净流入: 8.730000000000025
 [Southbound] 已更新30日净流入
 [Southbound] signalEl找到: true
 [Southbound] 已更新信号: 增持
 [Southbound] 渲染完成: 09988
 [热点板块] 已更新 6 个板块
 [DEBUG] renderSentiment 开始执行, appState.sentiment: {breadth: {…}, capital_flow: {…}, margin: {…}, north_south: {…}, sentiment_index: {…}, …}
 [DEBUG] 准备调用 loadPortfolioAnalysis
 [DEBUG] loadPortfolioAnalysis 调用完成
 [DEBUG] 准备调用 loadHKPortfolioRisk
 [DEBUG] loadHKPortfolioRisk 开始执行
 [DEBUG] loadHKPortfolioRisk 调用完成
 市场情绪加载完成: 中性
 [simulatePriceUpdate] 跳过：已有更新在进行中
 加载市场情绪数据...
 加载结构化财联社新闻...
 [Southbound] 响应: HTTP 200
 [Southbound] 数据: success=true, count=90, 耗时47648ms
 [Southbound] 更新统计数据: 00285, 90条数据
 [Southbound] 最新数据: {close_price: 27.2, date: '2026-04-02', hold_change: 5544000, hold_ratio: 12.36, hold_shares: 278730676, …}
 [Southbound] ratioEl找到: true
 [Southbound] 已更新持股比例: 12.36%
 [Southbound] netInflow30El找到: true, 30日净流入: 2.5200000000000005
 [Southbound] 已更新30日净流入
 [Southbound] signalEl找到: true
 [Southbound] 已更新信号: 中性
 [Southbound] 渲染完成: 00285
 [simulatePriceUpdate] 跳过：已有更新在进行中
