utils.js?v=1775533417:152 [Utils] 模块加载完成
api.js?v=1775533417:164 [API] 模块加载完成
state.js?v=1775533417:177 [StateManager] 模块加载完成 (V2)
app.js?v=1775533417:12 [版本更新] 20250402-step4-cache-debug3 -> 3.2.0，清除所有缓存...
app.js?v=1775533417:24 [版本更新] 缓存清除完成
 [Fallback] 检查 stockList...
 [Fallback] 列表为空，尝试从 API 获取数据并渲染...
import.js?v=1775533417:1 Uncaught SyntaxError: Identifier 'IMPORT_HISTORY_KEY' has already been declared (at import.js?v=1775533417:1:1)
app.js?v=1775533417:3070 [DOMContentLoaded] 页面加载完成，开始初始化...
app.js?v=1775533417:70 [init] 开始初始化，已清空股票列表
app.js?v=1775533417:3073 Checking initDataImport... function
app.js?v=1775533417:3075 Calling initDataImport...
VM92 import.js:17 初始化数据导入模块...
VM92 import.js:24 数据导入模块初始化完成
 [Fallback] 获取到 12 只股票
 [Fallback] 已初始化 appState.stocks
 [Fallback] 保底渲染完成，子元素数: 12
app.js?v=1775533417:139 [init] 立即渲染持仓列表（使用本地数据）...
app.js?v=1775533417:140 [init] appState.stocks 数量: 0
app.js?v=1775533417:141 [init] 准备调用 renderStockList...
app.js?v=1775533417:623 [renderStockList] ========== 开始执行 ==========
app.js?v=1775533417:632 [renderStockList] appState.stocks 数量: 0
app.js?v=1775533417:635 [renderStockList] 没有股票数据，显示空状态
app.js?v=1775533417:143 [init] renderStockList 调用完成
app.js?v=1775533417:176 并行加载热点板块、市场情绪、新闻...
app.js?v=1775533417:2505 加载市场情绪数据...
app.js?v=1775533417:1974 加载结构化财联社新闻...
app.js?v=1775533417:184 后台加载持仓股分析报告...
app.js?v=1775533417:3197 [restoreCollapsedState] 分析模块默认展开
app.js?v=1775533417:208 [init] 启动方案3C买卖点监控...
app.js?v=1775533417:3225 [PriceAlert] 启动买卖点监控...
app.js?v=1775533417:1727 [热点板块] 已更新 6 个板块
（索引）:1597 loadIBAnalysis API 返回: Object
（索引）:1603 API 返回的 holdings_map 为空
loadIBAnalysis @ （索引）:1603
（索引）:1626 renderIBAnalysis 被调用，完整数据: {
  "holdings_map": [],
  "ib_list": [
    "摩根士丹利",
    "摩根大通",
    "高盛",
    "中金公司",
    "瑞银证券",
    "富达国际",
    "汇丰"
  ],
  "macro_summary": {
    "consensus": "谨慎乐观",
    "key_targets": [
      {
        "index": "沪深300",
        "source": "摩根大通/高盛",
        "target": "4150-4900"
      },
      {
        "index": "MSCI中国",
        "source": "摩根大通/摩根士丹利",
        "target": "80-83"
      }
    ],
    "main_themes": [
      "AI产业趋势是中期主线（中金/高盛/瑞银共识）",
      "港股科技龙头受青睐（摩根士丹利超配建议）",
      "二季度可能先回调再上涨（摩根大通）",
      "全球基金重返中国意愿2021年来最强（高盛）",
      "南向资金创纪录流入港股（摩根士丹利）",
      "AI可提升中国科技股估值15-20%（高盛）",
      "端侧AI、软件应用均有机会（中金公司）",
      "人形机器人最受投资者关注（瑞银证券）",
      "消费复苏是新动力（摩根大通）",
      "数据中心需求持续上升（汇丰银行）",
      "智能驾驶主题受市场关注（中金公司）",
      "自动化相关企业前景看好（摩根士丹利）",
      "港股AI核心持仓推荐（高盛）",
      "港股互联网配置价值凸显（瑞银证券）"
    ],
    "warnings": [
      "摩根大通: 二季度\"退一步进两步\"，4-5月可能回调",
      "高盛: 地缘政治活跃，获利了结压力加大",
      "摩根士丹利: 低配大宗商品、地产、消费必需品"
    ]
  },
  "raw_report": "# 国际投行分析报告\n\n**投行报告日期**: 2026-04-01  \n**系统生成时间**: 2026-04-01 09:01:11  \n**数据来源**: 摩根士丹利、摩根大通、高盛、中金公司、瑞银证券等\n\n> 注：本报告汇总各投行在 **2026-04-01** 发布的研报观点\n\n---\n\n## 一、宏观共识\n\n**外资整体观点**: 谨慎乐观\n\n### 关键指数目标\n| 指数 | 目标区间 | 来源 | 报告日期 |\n|------|---------|------|----------|\n| 沪深300 | 4150-4900 | 摩根大通/高盛 | 2026-04-01 |\n| MSCI中国 | 80-83 | 摩根大通/摩根士丹利 | 2026-04-01 |\n| 恒生指数 | 23000-25000 | 高盛/瑞银 | 2026-04-01 |\n\n### 主要投资主题\n1. **AI产业趋势是中期主线**（中金/高盛/瑞银共识，2026-04-01）\n2. **港股科技龙头受青睐**（摩根士丹利超配建议，2026-04-01）\n3. **二季度可能先回调再上涨**（摩根大通\"退一步进两步\"）\n4. **全球基金重返中国意愿2021年来最强**（高盛）\n\n---\n\n## 二、持仓映射分析\n\n### 当前持仓列表\n- 万向钱潮 (000559) [A股]\n- 云南铜业 (000878) [A股]\n- 三花智控 (002050) [A股]\n- 比亚迪 (002594) [A股]\n- 腾讯控股 (00700) [港股]\n- 拓尔思 (300229) [A股]\n- 晶盛机电 (300316) [A股]\n- 润泽科技 (300442) [A股]\n- 中国铝业 (601600) [A股]\n- 摩尔线程 (688795) [A股]\n- 比亚迪电子 (00285) [港股]\n- 阿里巴巴 (09988) [港股]\n\n### 契合度分析\n\n#### 🟢 高度契合（Strong）\n- **腾讯控股、阿里巴巴**: 摩根士丹利超配互联网龙头，高盛推荐港股AI核心持仓，南向资金创纪录流入\n- **摩尔线程**: 中金认为AI产业趋势是中期主线，高盛称AI可提升估值15-20%\n\n#### 🔵 部分契合（Moderate）\n- **拓尔思、润泽科技**: 中金看好端侧AI、软件应用机会，汇丰认为数据中心需求持续上升\n- **三花智控**: 瑞银关注人形机器人，摩根士丹利看好自动化\n\n#### ⚪ 中性（Neutral）\n- **比亚迪、比亚迪电子**: 摩根大通认为消费复苏是新动力，智能驾驶主题受关注\n\n#### 🔴 存在分歧（Weak）\n- **云南铜业、中国铝业**: 摩根士丹利低配能源/周期，担忧关税影响大宗商品\n- **晶盛机电**: 摩根士丹利低配能源，行业产能过剩仍存\n\n---\n\n## 三、风险提示\n\n⚠️ **摩根大通**: 二季度\"退一步进两步\"，4-5月可能回调  \n⚠️ **高盛**: 地缘政治活跃，获利了结压力加大  \n⚠️ **摩根士丹利**: 低配大宗商品、地产、消费必需品  \n\n---\n\n## 四、机构观点摘要\n\n### 摩根士丹利\n- 超配互联网龙头、AI相关\n- 低配能源、周期、地产\n- 看好港股科技板块\n\n### 高盛\n- 全球基金重返中国意愿2021年来最强\n- AI可提升中国科技股估值15-20%\n- 关注地缘政治风险\n\n### 摩根大通\n- 二季度策略：退一步进两步\n- 4-5月可能经历技术性回调\n- 消费复苏是新动力\n\n### 中金公司\n- AI产业趋势是中期主线\n- 端侧AI、软件应用均有机会\n- 看好算力基础设施\n\n### 瑞银证券\n- 人形机器人最受关注\n- 港股科技配置价值凸显\n- 看好自动化相关企业\n\n---\n\n*报告自动生成于 2026-04-01 09:01:11*\n*下次更新: 明天 09:00*\n...",
  "system_time": "2026-04-07 11:43",
  "update_time": "2026-04-01"
}
（索引）:1633 data 的 keys: Array(6)
（索引）:1649 最终 holdings 数量: 0
（索引）:1650 macro: Object
（索引）:1652 holdings_map 数量: 0
（索引）:1653 macro_summary: Object
（索引）:1661 分类统计: Object
（索引）:1665 displayHoldings 数量: 0
（索引）:1735 准备渲染持仓契合度, displayHoldings.length: 0
（索引）:1781 持仓契合度不渲染: displayHoldings.length = 0
（索引）:1782 holdings 数据: Array(0)
（索引）:1801 ibAnalysisContent HTML 已设置，长度: 11543
app.js?v=1775533417:2523 [DEBUG] renderSentiment 开始执行, appState.sentiment: Object
app.js?v=1775533417:2677 [DEBUG] 准备调用 loadPortfolioAnalysis
app.js?v=1775533417:2679 [DEBUG] loadPortfolioAnalysis 调用完成
app.js?v=1775533417:2682 [DEBUG] 准备调用 loadHKPortfolioRisk
app.js?v=1775533417:2948 [DEBUG] loadHKPortfolioRisk 开始执行
app.js?v=1775533417:2684 [DEBUG] loadHKPortfolioRisk 调用完成
app.js?v=1775533417:2512 市场情绪加载完成: 中性
app.js?v=1775533417:2950 [DEBUG] API 响应状态: 200
app.js?v=1775533417:2957 [DEBUG] API 返回数据: Object
